// Jest Snapshot v1, https://goo.gl/fbAQLP

exports[`Pruebas en <AppRouter /> debe de mostrar el login en caso de no estar autenticado 1`] = `
<div>
  <div>
     
    <h1
      class="title"
    >
      Bienvenido a tu Organizador de Tareas
    </h1>
    <div
      class="container login-container"
    >
      <div
        class="row m-auto justify-content-center "
      >
        <div
          class="w-50 login-form-1 d-block"
        >
          <h3>
            Ingreso
          </h3>
          <form>
            <div
              class="form-group mb-2"
            >
              <input
                class="form-control"
                name="loginEmail"
                placeholder="Correo"
                type="text"
                value=""
              />
            </div>
            <div
              class="form-group mb-2"
            >
              <input
                class="form-control"
                name="loginPassword"
                placeholder="Contraseña"
                type="password"
                value=""
              />
            </div>
            <div
              class="d-grid gap-2"
            >
              <input
                class="btnSubmit"
                type="submit"
                value="Login"
              />
            </div>
          </form>
          <h3
            class="register"
            style="color: rgb(0, 98, 204);"
          >
            ¡REGISTRARSE!
          </h3>
        </div>
        <div
          class="w-50 login-form-2 d-none "
        >
          <h3>
            Registro
          </h3>
          <form>
            <div
              class="form-group mb-2"
            >
              <input
                class="form-control"
                name="registerName"
                placeholder="Nombre"
                type="text"
                value=""
              />
            </div>
            <div
              class="form-group mb-2"
            >
              <input
                class="form-control"
                name="registerEmail"
                placeholder="Correo"
                type="email"
                value=""
              />
            </div>
            <div
              class="form-group mb-2"
            >
              <input
                class="form-control"
                name="registerPassword"
                placeholder="Contraseña"
                type="password"
                value=""
              />
            </div>
            <div
              class="form-group mb-2"
            >
              <input
                class="form-control"
                name="registerPassword2"
                placeholder="Repita la contraseña"
                type="password"
                value=""
              />
            </div>
            <div
              class="d-grid gap-2"
            >
              <input
                class="btnSubmit"
                type="submit"
                value="Crear cuenta"
              />
            </div>
          </form>
          <h3
            class="sesion"
          >
            ¡INICIAR SESION!
          </h3>
        </div>
      </div>
    </div>
  </div>
</div>
`;
